[enviopendente.lat/v1/consulta/index.html]
[enviopendente.lat/v1/index.html]
[unpkg.com/mobile-detect@1.4.5/mobile-detect.min.js]
[use.hugeicons.com/font/icons.css]
[backblue.gif]
[fade.gif]
[index.html]
[cdn.jsdelivr.net/npm/@tailwindcss/browser@4]
[enviopendente.lat/v1/assets/imagens/logo.png]
[enviopendente.lat/v1/assets/icones/menu.svg]
[enviopendente.lat/v1/assets/icones/usuario.png]
[external.html]
[enviopendente.lat/v1/assets/imagens/noticia1.jpg]
[enviopendente.lat/v1/assets/imagens/noticia2.jpg]
[enviopendente.lat/v1/assets/imagens/noticia3.jpg]
[enviopendente.lat/v1/assets/imagens/noticia4.jpg]
[enviopendente.lat/v1/assets/imagens/carregando.gif]
[enviopendente.lat/v1/assets/imagens/link.png]
[www.youtube.com/embed/W29E-AfKINQ.html]
[enviopendente.lat/v1/assets/imagens/youtube.png]
[enviopendente.lat/v1/assets/imagens/facebook.png]
[enviopendente.lat/v1/assets/imagens/instagram.png]
[enviopendente.lat/v1/js/modal.js]
[enviopendente.lat/v1/index.html]
[pay.pacotesegurobr.lat/JqoR32bwaka3Vj5.json]
[enviopendente.lat/v1/consulta/js/modal.js]
[enviopendente.lat/v1/consulta/index.html]
[enviopendente.lat/v1/includes/fonte.css]
[use.hugeicons.com/font/hgi-stroke-rounded9dc3.woff2]
[use.hugeicons.com/font/hgi-stroke-rounded9dc3.eot]
[use.hugeicons.com/font/icons.css]
[enviopendente.lat/v1/assets/icones/menu.svg]
[use.hugeicons.com/font/hgi-stroke-rounded9dc3.woff]
[use.hugeicons.com/font/hgi-stroke-rounded9dc3.ttf]
[www.youtube.com/img/meh7.1d.delayed]
[www.youtube.com/s/player/6ba8ddc3/player_ias.vflset/pt_BR/embed.js]
[use.hugeicons.com/font/hgi-stroke-rounded9dc3.svg]
[www.youtube.com/s/player/6ba8ddc3/www-embed-player.vflset/www-embed-player.js]
[www.youtube.com/s/player/6ba8ddc3/player_ias.vflset/pt_BR/base.js]
[www.youtube.com/embed/W29E-AfKINQ.html]
[enviopendente.lat/v1/js/modal.js]
[use.hugeicons.com/font/hgi-stroke-rounded9dc3.svg]
[www.youtube.com/s/player/6ba8ddc3/www-player.css]
